// Jest Snapshot v1, https://goo.gl/fbAQLP

exports[`Routes - snapshot test 1`] = `
<section
  className="Page-o0cu63-0 kgAfIi"
>
  <section
    className="Center-s1yx1lyo-0 lgKgCZ"
  >
    <span
      className="Text-ia49n9-0 cKyjWr"
      fontSize="10vw"
    >
      Index Page
    </span>
  </section>
  <section
    className="Center-s1yx1lyo-0 lgKgCZ"
  >
    <a
      href="/not-found"
      onClick={[Function]}
    >
      <span
        className="Text-ia49n9-0 jjiBjf"
        fontSize="5vw"
      >
        Go to Not Found Page
      </span>
    </a>
  </section>
</section>
`;
